YES
NO
NO
NO
NO
NO
NO
NO
NO
YES
YES
YES
NO
YES
NO
YES
NO
YES
NO
NO
NO